[2024-07-22 21:51:46] COMMAND: electron_train.py --data-path dataset/dataset_gray --dataset Nanoparticles --aug 0 --batch-size 6 --loss mse --num-epochs 150
[2024-07-22 21:51:46] Arguments: {'data_path': 'dataset/dataset_gray', 'dataset': 'Nanoparticles', 'aug': 0, 'batch_size': 6, 'image_size': 128, 'n_frames': 5, 'stride': 128, 'model': 'blind-video-net-4', 'loss': 'mse', 'noise_dist': 'G', 'noise_mode': 'S', 'noise_std': 30, 'min_noise': 0, 'max_noise': 100, 'lr': 0.001, 'num_epochs': 150, 'valid_interval': 1, 'save_interval': 1, 'seed': 0, 'output_dir': 'experiments', 'experiment': 'blind-video-net-4-BF-0-100-Jul-22-215146', 'resume_training': False, 'restore_file': None, 'no_save': False, 'step_checkpoints': False, 'no_log': False, 'log_interval': 100, 'no_visual': False, 'visual_interval': 100, 'no_progress': False, 'draft': False, 'dry_run': False, 'channels': 1, 'out_channels': 1, 'bias': False, 'normal': False, 'blind_noise': False, 'experiment_dir': 'experiments\\blind-video-net-4\\blind-video-net-4-BF-0-100-Jul-22-215146', 'checkpoint_dir': 'experiments\\blind-video-net-4\\blind-video-net-4-BF-0-100-Jul-22-215146\\checkpoints', 'log_dir': 'experiments\\blind-video-net-4\\blind-video-net-4-BF-0-100-Jul-22-215146\\logs', 'log_file': 'experiments\\blind-video-net-4\\blind-video-net-4-BF-0-100-Jul-22-215146\\logs\\train.log'}
[2024-07-22 21:51:48] Built a model consisting of 2,123,664 parameters
[2024-07-22 21:55:37] epoch 00 | train_loss 976.288 | train_psnr 9.683 | train_ssim 0.013 | lr 1.0e-03
[2024-07-22 21:55:52] EVAL:epoch 00 | valid_loss 3167.783 | lr 1.0e-03
[2024-07-22 21:59:30] epoch 01 | train_loss 964.964 | train_psnr 9.979 | train_ssim 0.025 | lr 1.0e-03
[2024-07-22 21:59:45] EVAL:epoch 01 | valid_loss 3044.311 | lr 1.0e-03
[2024-07-22 22:03:23] epoch 02 | train_loss 578.134 | train_psnr 12.383 | train_ssim 0.077 | lr 1.0e-03
[2024-07-22 22:03:38] EVAL:epoch 02 | valid_loss 587.601 | lr 1.0e-03
[2024-07-22 22:07:18] epoch 03 | train_loss 156.437 | train_psnr 17.444 | train_ssim 0.398 | lr 1.0e-03
[2024-07-22 22:07:33] EVAL:epoch 03 | valid_loss 440.527 | lr 1.0e-03
[2024-07-22 22:11:13] epoch 04 | train_loss 84.875 | train_psnr 20.333 | train_ssim 0.684 | lr 1.0e-04
[2024-07-22 22:11:28] EVAL:epoch 04 | valid_loss 113.038 | lr 1.0e-04
[2024-07-22 22:15:09] epoch 05 | train_loss 35.203 | train_psnr 23.765 | train_ssim 0.762 | lr 1.0e-04
[2024-07-22 22:15:24] EVAL:epoch 05 | valid_loss 102.420 | lr 1.0e-04
[2024-07-22 22:19:04] epoch 06 | train_loss 32.565 | train_psnr 24.170 | train_ssim 0.765 | lr 1.0e-04
[2024-07-22 22:19:19] EVAL:epoch 06 | valid_loss 101.993 | lr 1.0e-04
[2024-07-22 22:22:59] epoch 07 | train_loss 34.490 | train_psnr 23.877 | train_ssim 0.759 | lr 1.0e-04
[2024-07-22 22:23:14] EVAL:epoch 07 | valid_loss 101.877 | lr 1.0e-04
[2024-07-22 22:26:54] epoch 08 | train_loss 32.098 | train_psnr 24.215 | train_ssim 0.770 | lr 1.0e-04
[2024-07-22 22:27:09] EVAL:epoch 08 | valid_loss 101.210 | lr 1.0e-04
[2024-07-22 22:30:49] epoch 09 | train_loss 32.887 | train_psnr 24.090 | train_ssim 0.764 | lr 1.0e-04
[2024-07-22 22:31:04] EVAL:epoch 09 | valid_loss 101.061 | lr 1.0e-04
[2024-07-22 22:34:45] epoch 10 | train_loss 34.038 | train_psnr 23.966 | train_ssim 0.760 | lr 1.0e-04
[2024-07-22 22:34:59] EVAL:epoch 10 | valid_loss 100.810 | lr 1.0e-04
[2024-07-22 22:38:40] epoch 11 | train_loss 34.839 | train_psnr 23.815 | train_ssim 0.757 | lr 1.0e-04
[2024-07-22 22:38:55] EVAL:epoch 11 | valid_loss 100.373 | lr 1.0e-04
[2024-07-22 22:42:35] epoch 12 | train_loss 32.948 | train_psnr 24.058 | train_ssim 0.764 | lr 1.0e-04
[2024-07-22 22:42:50] EVAL:epoch 12 | valid_loss 100.372 | lr 1.0e-04
[2024-07-22 22:46:30] epoch 13 | train_loss 35.533 | train_psnr 23.783 | train_ssim 0.750 | lr 1.0e-04
[2024-07-22 22:46:45] EVAL:epoch 13 | valid_loss 99.468 | lr 1.0e-04
[2024-07-22 22:50:26] epoch 14 | train_loss 33.132 | train_psnr 24.012 | train_ssim 0.760 | lr 1.0e-04
[2024-07-22 22:50:40] EVAL:epoch 14 | valid_loss 99.163 | lr 1.0e-04
[2024-07-22 22:54:21] epoch 15 | train_loss 31.033 | train_psnr 24.408 | train_ssim 0.769 | lr 1.0e-04
[2024-07-22 22:54:35] EVAL:epoch 15 | valid_loss 98.969 | lr 1.0e-04
[2024-07-22 22:58:16] epoch 16 | train_loss 31.351 | train_psnr 24.335 | train_ssim 0.775 | lr 1.0e-04
[2024-07-22 22:58:31] EVAL:epoch 16 | valid_loss 98.545 | lr 1.0e-04
[2024-07-22 23:02:11] epoch 17 | train_loss 32.840 | train_psnr 24.123 | train_ssim 0.764 | lr 1.0e-04
[2024-07-22 23:02:26] EVAL:epoch 17 | valid_loss 98.754 | lr 1.0e-04
[2024-07-22 23:06:07] epoch 18 | train_loss 32.828 | train_psnr 24.068 | train_ssim 0.761 | lr 1.0e-04
[2024-07-22 23:06:21] EVAL:epoch 18 | valid_loss 98.752 | lr 1.0e-04
[2024-07-22 23:10:02] epoch 19 | train_loss 32.631 | train_psnr 24.123 | train_ssim 0.765 | lr 1.0e-04
[2024-07-22 23:10:16] EVAL:epoch 19 | valid_loss 97.921 | lr 1.0e-04
[2024-07-22 23:13:57] epoch 20 | train_loss 31.781 | train_psnr 24.246 | train_ssim 0.775 | lr 1.0e-04
[2024-07-22 23:14:12] EVAL:epoch 20 | valid_loss 97.643 | lr 1.0e-04
[2024-07-22 23:17:53] epoch 21 | train_loss 30.634 | train_psnr 24.448 | train_ssim 0.776 | lr 1.0e-04
[2024-07-22 23:18:07] EVAL:epoch 21 | valid_loss 97.144 | lr 1.0e-04
[2024-07-22 23:21:47] epoch 22 | train_loss 33.470 | train_psnr 23.993 | train_ssim 0.755 | lr 1.0e-04
[2024-07-22 23:22:02] EVAL:epoch 22 | valid_loss 96.896 | lr 1.0e-04
[2024-07-22 23:25:43] epoch 23 | train_loss 33.415 | train_psnr 24.002 | train_ssim 0.758 | lr 1.0e-04
[2024-07-22 23:25:58] EVAL:epoch 23 | valid_loss 96.890 | lr 1.0e-04
[2024-07-22 23:29:38] epoch 24 | train_loss 32.540 | train_psnr 24.110 | train_ssim 0.761 | lr 1.0e-04
[2024-07-22 23:29:53] EVAL:epoch 24 | valid_loss 96.511 | lr 1.0e-04
[2024-07-22 23:33:33] epoch 25 | train_loss 32.703 | train_psnr 24.181 | train_ssim 0.768 | lr 1.0e-04
[2024-07-22 23:33:48] EVAL:epoch 25 | valid_loss 96.064 | lr 1.0e-04
[2024-07-22 23:37:29] epoch 26 | train_loss 32.580 | train_psnr 24.115 | train_ssim 0.771 | lr 1.0e-04
[2024-07-22 23:37:44] EVAL:epoch 26 | valid_loss 96.248 | lr 1.0e-04
[2024-07-22 23:41:24] epoch 27 | train_loss 31.099 | train_psnr 24.323 | train_ssim 0.775 | lr 1.0e-04
[2024-07-22 23:41:39] EVAL:epoch 27 | valid_loss 96.102 | lr 1.0e-04
[2024-07-22 23:45:19] epoch 28 | train_loss 27.797 | train_psnr 24.831 | train_ssim 0.793 | lr 1.0e-04
[2024-07-22 23:45:34] EVAL:epoch 28 | valid_loss 95.334 | lr 1.0e-04
[2024-07-22 23:49:17] epoch 29 | train_loss 29.453 | train_psnr 24.582 | train_ssim 0.775 | lr 1.0e-04
[2024-07-22 23:49:32] EVAL:epoch 29 | valid_loss 95.028 | lr 1.0e-04
[2024-07-22 23:53:14] epoch 30 | train_loss 31.918 | train_psnr 24.215 | train_ssim 0.768 | lr 1.0e-04
[2024-07-22 23:53:28] EVAL:epoch 30 | valid_loss 95.548 | lr 1.0e-04
[2024-07-22 23:57:10] epoch 31 | train_loss 37.743 | train_psnr 23.723 | train_ssim 0.748 | lr 1.0e-04
[2024-07-22 23:57:25] EVAL:epoch 31 | valid_loss 94.649 | lr 1.0e-04
[2024-07-23 00:01:06] epoch 32 | train_loss 27.607 | train_psnr 24.920 | train_ssim 0.790 | lr 1.0e-04
[2024-07-23 00:01:21] EVAL:epoch 32 | valid_loss 95.109 | lr 1.0e-04
[2024-07-23 00:05:03] epoch 33 | train_loss 31.612 | train_psnr 24.255 | train_ssim 0.777 | lr 1.0e-04
[2024-07-23 00:05:18] EVAL:epoch 33 | valid_loss 94.149 | lr 1.0e-04
[2024-07-23 00:08:59] epoch 34 | train_loss 31.324 | train_psnr 24.388 | train_ssim 0.778 | lr 1.0e-04
[2024-07-23 00:09:14] EVAL:epoch 34 | valid_loss 93.944 | lr 1.0e-04
[2024-07-23 00:12:55] epoch 35 | train_loss 27.500 | train_psnr 24.901 | train_ssim 0.791 | lr 1.0e-04
[2024-07-23 00:13:10] EVAL:epoch 35 | valid_loss 93.655 | lr 1.0e-04
[2024-07-23 00:16:52] epoch 36 | train_loss 28.259 | train_psnr 24.797 | train_ssim 0.783 | lr 1.0e-04
[2024-07-23 00:17:06] EVAL:epoch 36 | valid_loss 93.447 | lr 1.0e-04
[2024-07-23 00:20:48] epoch 37 | train_loss 29.214 | train_psnr 24.719 | train_ssim 0.789 | lr 1.0e-04
[2024-07-23 00:21:03] EVAL:epoch 37 | valid_loss 94.075 | lr 1.0e-04
[2024-07-23 00:24:44] epoch 38 | train_loss 29.240 | train_psnr 24.619 | train_ssim 0.788 | lr 1.0e-04
[2024-07-23 00:24:59] EVAL:epoch 38 | valid_loss 93.368 | lr 1.0e-04
[2024-07-23 00:28:41] epoch 39 | train_loss 31.258 | train_psnr 24.309 | train_ssim 0.770 | lr 1.0e-04
[2024-07-23 00:28:55] EVAL:epoch 39 | valid_loss 92.965 | lr 1.0e-04
[2024-07-23 00:32:37] epoch 40 | train_loss 30.339 | train_psnr 24.465 | train_ssim 0.775 | lr 1.0e-04
[2024-07-23 00:32:52] EVAL:epoch 40 | valid_loss 93.697 | lr 1.0e-04
[2024-07-23 00:36:33] epoch 41 | train_loss 28.326 | train_psnr 24.874 | train_ssim 0.790 | lr 1.0e-04
[2024-07-23 00:36:48] EVAL:epoch 41 | valid_loss 93.659 | lr 1.0e-04
[2024-07-23 00:40:29] epoch 42 | train_loss 29.315 | train_psnr 24.665 | train_ssim 0.789 | lr 1.0e-04
[2024-07-23 00:40:44] EVAL:epoch 42 | valid_loss 92.323 | lr 1.0e-04
[2024-07-23 00:44:26] epoch 43 | train_loss 27.730 | train_psnr 24.838 | train_ssim 0.797 | lr 1.0e-04
[2024-07-23 00:44:41] EVAL:epoch 43 | valid_loss 93.765 | lr 1.0e-04
[2024-07-23 00:48:22] epoch 44 | train_loss 28.074 | train_psnr 24.886 | train_ssim 0.794 | lr 1.0e-04
[2024-07-23 00:48:37] EVAL:epoch 44 | valid_loss 94.148 | lr 1.0e-04
[2024-07-23 00:52:18] epoch 45 | train_loss 28.605 | train_psnr 24.765 | train_ssim 0.791 | lr 1.0e-04
[2024-07-23 00:52:33] EVAL:epoch 45 | valid_loss 92.531 | lr 1.0e-04
[2024-07-23 00:56:15] epoch 46 | train_loss 27.554 | train_psnr 24.920 | train_ssim 0.791 | lr 1.0e-04
[2024-07-23 00:56:29] EVAL:epoch 46 | valid_loss 91.772 | lr 1.0e-04
[2024-07-23 01:00:11] epoch 47 | train_loss 28.117 | train_psnr 24.836 | train_ssim 0.793 | lr 1.0e-04
[2024-07-23 01:00:26] EVAL:epoch 47 | valid_loss 91.616 | lr 1.0e-04
[2024-07-23 01:04:08] epoch 48 | train_loss 27.683 | train_psnr 24.874 | train_ssim 0.791 | lr 1.0e-04
[2024-07-23 01:04:22] EVAL:epoch 48 | valid_loss 93.161 | lr 1.0e-04
[2024-07-23 01:08:04] epoch 49 | train_loss 26.574 | train_psnr 25.049 | train_ssim 0.795 | lr 5.0e-05
[2024-07-23 01:08:19] EVAL:epoch 49 | valid_loss 91.230 | lr 5.0e-05
[2024-07-23 01:12:00] epoch 50 | train_loss 28.764 | train_psnr 24.741 | train_ssim 0.781 | lr 5.0e-05
[2024-07-23 01:12:15] EVAL:epoch 50 | valid_loss 91.212 | lr 5.0e-05
[2024-07-23 01:15:56] epoch 51 | train_loss 27.510 | train_psnr 24.966 | train_ssim 0.789 | lr 5.0e-05
[2024-07-23 01:16:11] EVAL:epoch 51 | valid_loss 91.730 | lr 5.0e-05
[2024-07-23 01:19:53] epoch 52 | train_loss 31.370 | train_psnr 24.698 | train_ssim 0.781 | lr 5.0e-05
[2024-07-23 01:20:07] EVAL:epoch 52 | valid_loss 90.827 | lr 5.0e-05
[2024-07-23 01:23:49] epoch 53 | train_loss 30.250 | train_psnr 24.578 | train_ssim 0.782 | lr 5.0e-05
[2024-07-23 01:24:04] EVAL:epoch 53 | valid_loss 91.029 | lr 5.0e-05
[2024-07-23 01:27:45] epoch 54 | train_loss 29.946 | train_psnr 24.534 | train_ssim 0.787 | lr 5.0e-05
[2024-07-23 01:28:00] EVAL:epoch 54 | valid_loss 90.484 | lr 5.0e-05
[2024-07-23 01:31:41] epoch 55 | train_loss 27.477 | train_psnr 24.894 | train_ssim 0.793 | lr 5.0e-05
[2024-07-23 01:31:56] EVAL:epoch 55 | valid_loss 90.684 | lr 5.0e-05
[2024-07-23 01:35:38] epoch 56 | train_loss 29.185 | train_psnr 24.689 | train_ssim 0.785 | lr 5.0e-05
[2024-07-23 01:35:53] EVAL:epoch 56 | valid_loss 90.133 | lr 5.0e-05
[2024-07-23 01:39:34] epoch 57 | train_loss 26.470 | train_psnr 25.053 | train_ssim 0.793 | lr 5.0e-05
[2024-07-23 01:39:49] EVAL:epoch 57 | valid_loss 90.042 | lr 5.0e-05
[2024-07-23 01:43:31] epoch 58 | train_loss 34.012 | train_psnr 24.277 | train_ssim 0.772 | lr 5.0e-05
[2024-07-23 01:43:46] EVAL:epoch 58 | valid_loss 90.038 | lr 5.0e-05
[2024-07-23 01:47:27] epoch 59 | train_loss 24.481 | train_psnr 25.423 | train_ssim 0.813 | lr 5.0e-05
[2024-07-23 01:47:42] EVAL:epoch 59 | valid_loss 89.417 | lr 5.0e-05
[2024-07-23 01:51:24] epoch 60 | train_loss 23.516 | train_psnr 25.705 | train_ssim 0.814 | lr 5.0e-05
[2024-07-23 01:51:38] EVAL:epoch 60 | valid_loss 89.034 | lr 5.0e-05
[2024-07-23 01:55:20] epoch 61 | train_loss 26.437 | train_psnr 25.085 | train_ssim 0.794 | lr 5.0e-05
[2024-07-23 01:55:35] EVAL:epoch 61 | valid_loss 88.987 | lr 5.0e-05
[2024-07-23 01:59:16] epoch 62 | train_loss 25.749 | train_psnr 25.196 | train_ssim 0.794 | lr 5.0e-05
[2024-07-23 01:59:31] EVAL:epoch 62 | valid_loss 87.836 | lr 5.0e-05
[2024-07-23 02:03:13] epoch 63 | train_loss 24.039 | train_psnr 25.509 | train_ssim 0.810 | lr 5.0e-05
[2024-07-23 02:03:27] EVAL:epoch 63 | valid_loss 87.308 | lr 5.0e-05
[2024-07-23 02:07:09] epoch 64 | train_loss 25.991 | train_psnr 25.196 | train_ssim 0.807 | lr 5.0e-05
[2024-07-23 02:07:23] EVAL:epoch 64 | valid_loss 86.107 | lr 5.0e-05
[2024-07-23 02:11:05] epoch 65 | train_loss 25.176 | train_psnr 25.266 | train_ssim 0.803 | lr 5.0e-05
[2024-07-23 02:11:19] EVAL:epoch 65 | valid_loss 84.741 | lr 5.0e-05
[2024-07-23 02:15:01] epoch 66 | train_loss 23.303 | train_psnr 25.683 | train_ssim 0.810 | lr 5.0e-05
[2024-07-23 02:15:16] EVAL:epoch 66 | valid_loss 83.376 | lr 5.0e-05
[2024-07-23 02:18:57] epoch 67 | train_loss 23.137 | train_psnr 25.647 | train_ssim 0.817 | lr 5.0e-05
[2024-07-23 02:19:12] EVAL:epoch 67 | valid_loss 80.417 | lr 5.0e-05
[2024-07-23 02:22:53] epoch 68 | train_loss 23.008 | train_psnr 25.626 | train_ssim 0.801 | lr 5.0e-05
[2024-07-23 02:23:08] EVAL:epoch 68 | valid_loss 77.202 | lr 5.0e-05
[2024-07-23 02:26:50] epoch 69 | train_loss 22.412 | train_psnr 25.805 | train_ssim 0.811 | lr 5.0e-05
[2024-07-23 02:27:05] EVAL:epoch 69 | valid_loss 73.058 | lr 5.0e-05
[2024-07-23 02:30:46] epoch 70 | train_loss 20.595 | train_psnr 26.133 | train_ssim 0.818 | lr 5.0e-05
[2024-07-23 02:31:01] EVAL:epoch 70 | valid_loss 68.297 | lr 5.0e-05
[2024-07-23 02:34:42] epoch 71 | train_loss 18.808 | train_psnr 26.479 | train_ssim 0.819 | lr 5.0e-05
[2024-07-23 02:34:57] EVAL:epoch 71 | valid_loss 63.250 | lr 5.0e-05
[2024-07-23 02:38:39] epoch 72 | train_loss 17.184 | train_psnr 26.874 | train_ssim 0.829 | lr 5.0e-05
[2024-07-23 02:38:54] EVAL:epoch 72 | valid_loss 59.341 | lr 5.0e-05
[2024-07-23 02:42:35] epoch 73 | train_loss 17.804 | train_psnr 26.791 | train_ssim 0.823 | lr 5.0e-05
[2024-07-23 02:42:50] EVAL:epoch 73 | valid_loss 56.666 | lr 5.0e-05
[2024-07-23 02:46:31] epoch 74 | train_loss 15.847 | train_psnr 27.274 | train_ssim 0.832 | lr 5.0e-05
[2024-07-23 02:46:46] EVAL:epoch 74 | valid_loss 55.109 | lr 5.0e-05
[2024-07-23 02:50:28] epoch 75 | train_loss 17.004 | train_psnr 26.960 | train_ssim 0.823 | lr 5.0e-05
[2024-07-23 02:50:43] EVAL:epoch 75 | valid_loss 54.075 | lr 5.0e-05
[2024-07-23 02:54:24] epoch 76 | train_loss 16.991 | train_psnr 27.007 | train_ssim 0.824 | lr 5.0e-05
[2024-07-23 02:54:39] EVAL:epoch 76 | valid_loss 53.201 | lr 5.0e-05
[2024-07-23 02:58:20] epoch 77 | train_loss 15.725 | train_psnr 27.349 | train_ssim 0.828 | lr 5.0e-05
[2024-07-23 02:58:35] EVAL:epoch 77 | valid_loss 52.270 | lr 5.0e-05
[2024-07-23 03:02:17] epoch 78 | train_loss 15.711 | train_psnr 27.327 | train_ssim 0.831 | lr 5.0e-05
[2024-07-23 03:02:31] EVAL:epoch 78 | valid_loss 51.694 | lr 5.0e-05
[2024-07-23 03:06:13] epoch 79 | train_loss 16.918 | train_psnr 27.117 | train_ssim 0.822 | lr 5.0e-05
[2024-07-23 03:06:28] EVAL:epoch 79 | valid_loss 51.012 | lr 5.0e-05
[2024-07-23 03:10:10] epoch 80 | train_loss 16.433 | train_psnr 27.099 | train_ssim 0.822 | lr 5.0e-05
[2024-07-23 03:10:24] EVAL:epoch 80 | valid_loss 50.547 | lr 5.0e-05
[2024-07-23 03:14:06] epoch 81 | train_loss 15.347 | train_psnr 27.455 | train_ssim 0.833 | lr 5.0e-05
[2024-07-23 03:14:21] EVAL:epoch 81 | valid_loss 50.044 | lr 5.0e-05
[2024-07-23 03:18:02] epoch 82 | train_loss 14.959 | train_psnr 27.540 | train_ssim 0.835 | lr 5.0e-05
[2024-07-23 03:18:17] EVAL:epoch 82 | valid_loss 49.643 | lr 5.0e-05
[2024-07-23 03:21:59] epoch 83 | train_loss 15.944 | train_psnr 27.338 | train_ssim 0.829 | lr 5.0e-05
[2024-07-23 03:22:13] EVAL:epoch 83 | valid_loss 49.284 | lr 5.0e-05
[2024-07-23 03:25:55] epoch 84 | train_loss 14.416 | train_psnr 27.770 | train_ssim 0.841 | lr 5.0e-05
[2024-07-23 03:26:10] EVAL:epoch 84 | valid_loss 48.924 | lr 5.0e-05
[2024-07-23 03:29:51] epoch 85 | train_loss 15.033 | train_psnr 27.542 | train_ssim 0.836 | lr 5.0e-05
[2024-07-23 03:30:06] EVAL:epoch 85 | valid_loss 48.645 | lr 5.0e-05
[2024-07-23 03:33:48] epoch 86 | train_loss 13.574 | train_psnr 27.957 | train_ssim 0.848 | lr 5.0e-05
[2024-07-23 03:34:03] EVAL:epoch 86 | valid_loss 48.313 | lr 5.0e-05
[2024-07-23 03:37:44] epoch 87 | train_loss 14.100 | train_psnr 27.775 | train_ssim 0.840 | lr 5.0e-05
[2024-07-23 03:37:59] EVAL:epoch 87 | valid_loss 48.046 | lr 5.0e-05
[2024-07-23 03:41:41] epoch 88 | train_loss 13.511 | train_psnr 27.990 | train_ssim 0.851 | lr 5.0e-05
[2024-07-23 03:41:55] EVAL:epoch 88 | valid_loss 47.786 | lr 5.0e-05
[2024-07-23 03:45:37] epoch 89 | train_loss 15.575 | train_psnr 27.350 | train_ssim 0.831 | lr 5.0e-05
[2024-07-23 03:45:52] EVAL:epoch 89 | valid_loss 47.537 | lr 5.0e-05
[2024-07-23 03:49:33] epoch 90 | train_loss 13.378 | train_psnr 28.104 | train_ssim 0.851 | lr 5.0e-05
[2024-07-23 03:49:48] EVAL:epoch 90 | valid_loss 47.361 | lr 5.0e-05
[2024-07-23 03:53:29] epoch 91 | train_loss 13.726 | train_psnr 27.988 | train_ssim 0.845 | lr 5.0e-05
[2024-07-23 03:53:44] EVAL:epoch 91 | valid_loss 47.183 | lr 5.0e-05
[2024-07-23 03:57:26] epoch 92 | train_loss 13.060 | train_psnr 28.144 | train_ssim 0.852 | lr 5.0e-05
[2024-07-23 03:57:41] EVAL:epoch 92 | valid_loss 46.866 | lr 5.0e-05
[2024-07-23 04:01:22] epoch 93 | train_loss 14.237 | train_psnr 27.777 | train_ssim 0.838 | lr 5.0e-05
[2024-07-23 04:01:37] EVAL:epoch 93 | valid_loss 46.665 | lr 5.0e-05
[2024-07-23 04:05:18] epoch 94 | train_loss 14.271 | train_psnr 27.803 | train_ssim 0.842 | lr 5.0e-05
[2024-07-23 04:05:33] EVAL:epoch 94 | valid_loss 46.487 | lr 5.0e-05
[2024-07-23 04:09:15] epoch 95 | train_loss 14.000 | train_psnr 27.827 | train_ssim 0.840 | lr 5.0e-05
[2024-07-23 04:09:29] EVAL:epoch 95 | valid_loss 46.260 | lr 5.0e-05
[2024-07-23 04:13:11] epoch 96 | train_loss 13.406 | train_psnr 28.047 | train_ssim 0.846 | lr 5.0e-05
[2024-07-23 04:13:26] EVAL:epoch 96 | valid_loss 46.087 | lr 5.0e-05
[2024-07-23 04:17:08] epoch 97 | train_loss 15.373 | train_psnr 27.472 | train_ssim 0.831 | lr 5.0e-05
[2024-07-23 04:17:22] EVAL:epoch 97 | valid_loss 45.881 | lr 5.0e-05
[2024-07-23 04:21:04] epoch 98 | train_loss 16.478 | train_psnr 27.230 | train_ssim 0.823 | lr 5.0e-05
[2024-07-23 04:21:18] EVAL:epoch 98 | valid_loss 45.732 | lr 5.0e-05
[2024-07-23 04:25:00] epoch 99 | train_loss 14.266 | train_psnr 27.721 | train_ssim 0.838 | lr 1.0e-05
[2024-07-23 04:25:15] EVAL:epoch 99 | valid_loss 45.564 | lr 1.0e-05
[2024-07-23 04:28:56] epoch 100 | train_loss 16.950 | train_psnr 27.058 | train_ssim 0.817 | lr 1.0e-05
[2024-07-23 04:29:11] EVAL:epoch 100 | valid_loss 45.475 | lr 1.0e-05
[2024-07-23 04:32:53] epoch 101 | train_loss 14.157 | train_psnr 27.818 | train_ssim 0.841 | lr 1.0e-05
[2024-07-23 04:33:07] EVAL:epoch 101 | valid_loss 45.433 | lr 1.0e-05
[2024-07-23 04:36:49] epoch 102 | train_loss 13.047 | train_psnr 28.111 | train_ssim 0.853 | lr 1.0e-05
[2024-07-23 04:37:04] EVAL:epoch 102 | valid_loss 45.395 | lr 1.0e-05
[2024-07-23 04:40:45] epoch 103 | train_loss 16.815 | train_psnr 27.166 | train_ssim 0.818 | lr 1.0e-05
[2024-07-23 04:41:00] EVAL:epoch 103 | valid_loss 45.359 | lr 1.0e-05
[2024-07-23 04:44:41] epoch 104 | train_loss 13.096 | train_psnr 28.123 | train_ssim 0.849 | lr 1.0e-05
[2024-07-23 04:44:56] EVAL:epoch 104 | valid_loss 45.323 | lr 1.0e-05
[2024-07-23 04:48:37] epoch 105 | train_loss 14.588 | train_psnr 27.902 | train_ssim 0.837 | lr 1.0e-05
[2024-07-23 04:48:52] EVAL:epoch 105 | valid_loss 45.280 | lr 1.0e-05
[2024-07-23 04:52:34] epoch 106 | train_loss 13.669 | train_psnr 27.969 | train_ssim 0.842 | lr 1.0e-05
[2024-07-23 04:52:49] EVAL:epoch 106 | valid_loss 45.238 | lr 1.0e-05
[2024-07-23 04:56:30] epoch 107 | train_loss 13.294 | train_psnr 28.132 | train_ssim 0.847 | lr 1.0e-05
[2024-07-23 04:56:45] EVAL:epoch 107 | valid_loss 45.202 | lr 1.0e-05
[2024-07-23 05:00:26] epoch 108 | train_loss 13.496 | train_psnr 28.026 | train_ssim 0.846 | lr 1.0e-05
[2024-07-23 05:00:41] EVAL:epoch 108 | valid_loss 45.157 | lr 1.0e-05
[2024-07-23 05:04:23] epoch 109 | train_loss 13.434 | train_psnr 28.077 | train_ssim 0.848 | lr 1.0e-05
[2024-07-23 05:04:38] EVAL:epoch 109 | valid_loss 45.117 | lr 1.0e-05
[2024-07-23 05:08:19] epoch 110 | train_loss 12.527 | train_psnr 28.374 | train_ssim 0.855 | lr 1.0e-05
[2024-07-23 05:08:34] EVAL:epoch 110 | valid_loss 45.108 | lr 1.0e-05
[2024-07-23 05:12:16] epoch 111 | train_loss 13.050 | train_psnr 28.177 | train_ssim 0.852 | lr 1.0e-05
[2024-07-23 05:12:30] EVAL:epoch 111 | valid_loss 45.035 | lr 1.0e-05
[2024-07-23 05:16:12] epoch 112 | train_loss 13.627 | train_psnr 27.954 | train_ssim 0.847 | lr 1.0e-05
[2024-07-23 05:16:27] EVAL:epoch 112 | valid_loss 44.998 | lr 1.0e-05
[2024-07-23 05:20:08] epoch 113 | train_loss 14.732 | train_psnr 27.711 | train_ssim 0.837 | lr 1.0e-05
[2024-07-23 05:20:23] EVAL:epoch 113 | valid_loss 44.951 | lr 1.0e-05
[2024-07-23 05:24:05] epoch 114 | train_loss 12.665 | train_psnr 28.311 | train_ssim 0.853 | lr 1.0e-05
[2024-07-23 05:24:20] EVAL:epoch 114 | valid_loss 44.910 | lr 1.0e-05
[2024-07-23 05:28:01] epoch 115 | train_loss 13.001 | train_psnr 28.213 | train_ssim 0.851 | lr 1.0e-05
[2024-07-23 05:28:16] EVAL:epoch 115 | valid_loss 44.865 | lr 1.0e-05
[2024-07-23 05:31:57] epoch 116 | train_loss 13.475 | train_psnr 27.985 | train_ssim 0.848 | lr 1.0e-05
[2024-07-23 05:32:12] EVAL:epoch 116 | valid_loss 44.815 | lr 1.0e-05
[2024-07-23 05:35:54] epoch 117 | train_loss 13.961 | train_psnr 27.923 | train_ssim 0.842 | lr 1.0e-05
[2024-07-23 05:36:09] EVAL:epoch 117 | valid_loss 44.772 | lr 1.0e-05
[2024-07-23 05:39:50] epoch 118 | train_loss 13.774 | train_psnr 27.944 | train_ssim 0.844 | lr 1.0e-05
[2024-07-23 05:40:05] EVAL:epoch 118 | valid_loss 44.737 | lr 1.0e-05
[2024-07-23 05:43:47] epoch 119 | train_loss 13.026 | train_psnr 28.176 | train_ssim 0.848 | lr 1.0e-05
[2024-07-23 05:44:01] EVAL:epoch 119 | valid_loss 44.684 | lr 1.0e-05
[2024-07-23 05:47:43] epoch 120 | train_loss 15.527 | train_psnr 27.682 | train_ssim 0.829 | lr 1.0e-05
[2024-07-23 05:47:58] EVAL:epoch 120 | valid_loss 44.634 | lr 1.0e-05
[2024-07-23 05:51:39] epoch 121 | train_loss 13.263 | train_psnr 28.084 | train_ssim 0.849 | lr 1.0e-05
[2024-07-23 05:51:54] EVAL:epoch 121 | valid_loss 44.619 | lr 1.0e-05
[2024-07-23 05:55:35] epoch 122 | train_loss 14.341 | train_psnr 27.782 | train_ssim 0.839 | lr 1.0e-05
[2024-07-23 05:55:50] EVAL:epoch 122 | valid_loss 44.535 | lr 1.0e-05
[2024-07-23 05:59:32] epoch 123 | train_loss 13.154 | train_psnr 28.129 | train_ssim 0.849 | lr 1.0e-05
[2024-07-23 05:59:47] EVAL:epoch 123 | valid_loss 44.509 | lr 1.0e-05
[2024-07-23 06:03:29] epoch 124 | train_loss 13.131 | train_psnr 28.149 | train_ssim 0.850 | lr 1.0e-05
[2024-07-23 06:03:43] EVAL:epoch 124 | valid_loss 44.439 | lr 1.0e-05
[2024-07-23 06:07:25] epoch 125 | train_loss 15.025 | train_psnr 27.523 | train_ssim 0.831 | lr 1.0e-05
[2024-07-23 06:07:40] EVAL:epoch 125 | valid_loss 44.400 | lr 1.0e-05
[2024-07-23 06:11:21] epoch 126 | train_loss 14.547 | train_psnr 27.650 | train_ssim 0.833 | lr 1.0e-05
[2024-07-23 06:11:36] EVAL:epoch 126 | valid_loss 44.340 | lr 1.0e-05
[2024-07-23 06:15:17] epoch 127 | train_loss 13.593 | train_psnr 28.033 | train_ssim 0.848 | lr 1.0e-05
[2024-07-23 06:15:32] EVAL:epoch 127 | valid_loss 44.298 | lr 1.0e-05
[2024-07-23 06:19:14] epoch 128 | train_loss 12.906 | train_psnr 28.244 | train_ssim 0.851 | lr 1.0e-05
[2024-07-23 06:19:29] EVAL:epoch 128 | valid_loss 44.250 | lr 1.0e-05
[2024-07-23 06:23:10] epoch 129 | train_loss 12.782 | train_psnr 28.300 | train_ssim 0.855 | lr 1.0e-05
[2024-07-23 06:23:25] EVAL:epoch 129 | valid_loss 44.200 | lr 1.0e-05
[2024-07-23 06:27:07] epoch 130 | train_loss 13.942 | train_psnr 27.922 | train_ssim 0.841 | lr 1.0e-05
[2024-07-23 06:27:21] EVAL:epoch 130 | valid_loss 44.147 | lr 1.0e-05
[2024-07-23 06:31:03] epoch 131 | train_loss 13.325 | train_psnr 28.135 | train_ssim 0.848 | lr 1.0e-05
[2024-07-23 06:31:18] EVAL:epoch 131 | valid_loss 44.082 | lr 1.0e-05
[2024-07-23 06:34:59] epoch 132 | train_loss 14.185 | train_psnr 27.970 | train_ssim 0.840 | lr 1.0e-05
[2024-07-23 06:35:14] EVAL:epoch 132 | valid_loss 44.045 | lr 1.0e-05
[2024-07-23 06:38:56] epoch 133 | train_loss 12.627 | train_psnr 28.356 | train_ssim 0.853 | lr 1.0e-05
[2024-07-23 06:39:10] EVAL:epoch 133 | valid_loss 43.986 | lr 1.0e-05
[2024-07-23 06:42:52] epoch 134 | train_loss 14.361 | train_psnr 27.860 | train_ssim 0.839 | lr 1.0e-05
[2024-07-23 06:43:07] EVAL:epoch 134 | valid_loss 43.925 | lr 1.0e-05
[2024-07-23 06:46:49] epoch 135 | train_loss 12.943 | train_psnr 28.212 | train_ssim 0.848 | lr 1.0e-05
[2024-07-23 06:47:03] EVAL:epoch 135 | valid_loss 43.867 | lr 1.0e-05
[2024-07-23 06:50:45] epoch 136 | train_loss 15.763 | train_psnr 27.533 | train_ssim 0.828 | lr 1.0e-05
[2024-07-23 06:51:00] EVAL:epoch 136 | valid_loss 43.817 | lr 1.0e-05
[2024-07-23 06:54:41] epoch 137 | train_loss 15.045 | train_psnr 27.713 | train_ssim 0.829 | lr 1.0e-05
[2024-07-23 06:54:56] EVAL:epoch 137 | valid_loss 43.760 | lr 1.0e-05
[2024-07-23 06:58:37] epoch 138 | train_loss 16.842 | train_psnr 27.236 | train_ssim 0.817 | lr 1.0e-05
[2024-07-23 06:58:52] EVAL:epoch 138 | valid_loss 43.707 | lr 1.0e-05
[2024-07-23 07:02:34] epoch 139 | train_loss 13.518 | train_psnr 28.130 | train_ssim 0.845 | lr 1.0e-05
[2024-07-23 07:02:48] EVAL:epoch 139 | valid_loss 43.645 | lr 1.0e-05
[2024-07-23 07:06:30] epoch 140 | train_loss 13.283 | train_psnr 28.053 | train_ssim 0.842 | lr 1.0e-05
[2024-07-23 07:06:45] EVAL:epoch 140 | valid_loss 43.588 | lr 1.0e-05
[2024-07-23 07:10:26] epoch 141 | train_loss 13.533 | train_psnr 28.131 | train_ssim 0.845 | lr 1.0e-05
[2024-07-23 07:10:41] EVAL:epoch 141 | valid_loss 43.534 | lr 1.0e-05
[2024-07-23 07:14:23] epoch 142 | train_loss 13.695 | train_psnr 28.067 | train_ssim 0.845 | lr 1.0e-05
[2024-07-23 07:14:38] EVAL:epoch 142 | valid_loss 43.479 | lr 1.0e-05
[2024-07-23 07:18:19] epoch 143 | train_loss 12.766 | train_psnr 28.287 | train_ssim 0.854 | lr 1.0e-05
[2024-07-23 07:18:34] EVAL:epoch 143 | valid_loss 43.420 | lr 1.0e-05
[2024-07-23 07:22:15] epoch 144 | train_loss 12.364 | train_psnr 28.379 | train_ssim 0.857 | lr 1.0e-05
[2024-07-23 07:22:30] EVAL:epoch 144 | valid_loss 43.360 | lr 1.0e-05
[2024-07-23 07:26:12] epoch 145 | train_loss 13.445 | train_psnr 28.049 | train_ssim 0.845 | lr 1.0e-05
[2024-07-23 07:26:26] EVAL:epoch 145 | valid_loss 43.299 | lr 1.0e-05
[2024-07-23 07:30:08] epoch 146 | train_loss 13.027 | train_psnr 28.212 | train_ssim 0.848 | lr 1.0e-05
[2024-07-23 07:30:23] EVAL:epoch 146 | valid_loss 43.249 | lr 1.0e-05
[2024-07-23 07:34:04] epoch 147 | train_loss 12.551 | train_psnr 28.350 | train_ssim 0.853 | lr 1.0e-05
[2024-07-23 07:34:19] EVAL:epoch 147 | valid_loss 43.185 | lr 1.0e-05
[2024-07-23 07:38:00] epoch 148 | train_loss 13.590 | train_psnr 27.987 | train_ssim 0.847 | lr 1.0e-05
[2024-07-23 07:38:15] EVAL:epoch 148 | valid_loss 43.116 | lr 1.0e-05
